** Drc report for laser_controller.kicad_pcb **
** Created on 2026-07-05T21:30:52 **
** Report includes: Errors, Warnings, Exclusions **

** Found 86 DRC violations **
[clearance]: Clearance violation (zone clearance 0.3000 mm; actual 0.0000 mm)
    Local override; error
    @(127.8000 mm, 97.5750 mm): Track [/TIA_RED/VBIAS_TOP] on In1.Cu, length 9.7834 mm
    @(31.4750 mm, 80.3750 mm): Zone 'GND_plane' [GND] on In1.Cu, priority 0
[clearance]: Clearance violation (zone clearance 0.3000 mm; actual 0.0000 mm)
    Local override; error
    @(137.5000 mm, 96.3000 mm): Via [/TIA_RED/VBIAS_TOP] on F.Cu - B.Cu
    @(31.4750 mm, 80.3750 mm): Zone 'GND_plane' [GND] on In1.Cu, priority 0
[hole_clearance]: Hole clearance violation (board setup constraints hole clearance 0.2500 mm; actual 0.0000 mm)
    Rule: board setup constraints hole; error
    @(137.5000 mm, 96.3000 mm): Via [/TIA_RED/VBIAS_TOP] on F.Cu - B.Cu
    @(31.4750 mm, 80.3750 mm): Zone 'GND_plane' [GND] on In1.Cu, priority 0
[clearance]: Clearance violation (zone clearance 0.3000 mm; actual 0.0000 mm)
    Local override; error
    @(137.5000 mm, 96.3000 mm): Via [/TIA_RED/VBIAS_TOP] on F.Cu - B.Cu
    @(117.0000 mm, 81.0000 mm): Zone '+5V_region' [+5V] on In2.Cu, priority 0
[hole_clearance]: Hole clearance violation (board setup constraints hole clearance 0.2500 mm; actual 0.0000 mm)
    Rule: board setup constraints hole; error
    @(137.5000 mm, 96.3000 mm): Via [/TIA_RED/VBIAS_TOP] on F.Cu - B.Cu
    @(117.0000 mm, 81.0000 mm): Zone '+5V_region' [+5V] on In2.Cu, priority 0
[clearance]: Clearance violation (zone clearance 0.3000 mm; actual 0.0000 mm)
    Local override; error
    @(127.8000 mm, 97.5750 mm): Via [/TIA_RED/VBIAS_TOP] on F.Cu - B.Cu
    @(31.4750 mm, 80.3750 mm): Zone 'GND_plane' [GND] on In1.Cu, priority 0
[hole_clearance]: Hole clearance violation (board setup constraints hole clearance 0.2500 mm; actual 0.0000 mm)
    Rule: board setup constraints hole; error
    @(127.8000 mm, 97.5750 mm): Via [/TIA_RED/VBIAS_TOP] on F.Cu - B.Cu
    @(31.4750 mm, 80.3750 mm): Zone 'GND_plane' [GND] on In1.Cu, priority 0
[clearance]: Clearance violation (zone clearance 0.3000 mm; actual 0.0000 mm)
    Local override; error
    @(127.8000 mm, 97.5750 mm): Via [/TIA_RED/VBIAS_TOP] on F.Cu - B.Cu
    @(117.0000 mm, 81.0000 mm): Zone '+5V_region' [+5V] on In2.Cu, priority 0
[hole_clearance]: Hole clearance violation (board setup constraints hole clearance 0.2500 mm; actual 0.0000 mm)
    Rule: board setup constraints hole; error
    @(127.8000 mm, 97.5750 mm): Via [/TIA_RED/VBIAS_TOP] on F.Cu - B.Cu
    @(117.0000 mm, 81.0000 mm): Zone '+5V_region' [+5V] on In2.Cu, priority 0
[clearance]: Clearance violation (zone clearance 0.3000 mm; actual 0.0000 mm)
    Local override; error
    @(143.6750 mm, 124.9000 mm): Track [ISENSE3] on In1.Cu, length 3.4295 mm
    @(31.4750 mm, 80.3750 mm): Zone 'GND_plane' [GND] on In1.Cu, priority 0
[clearance]: Clearance violation (zone clearance 0.3000 mm; actual 0.0000 mm)
    Local override; error
    @(123.2000 mm, 127.0000 mm): Via [MPD_RAW2] on F.Cu - B.Cu
    @(31.4750 mm, 80.3750 mm): Zone 'GND_plane' [GND] on In1.Cu, priority 0
[hole_clearance]: Hole clearance violation (board setup constraints hole clearance 0.2500 mm; actual 0.0000 mm)
    Rule: board setup constraints hole; error
    @(123.2000 mm, 127.0000 mm): Via [MPD_RAW2] on F.Cu - B.Cu
    @(31.4750 mm, 80.3750 mm): Zone 'GND_plane' [GND] on In1.Cu, priority 0
[clearance]: Clearance violation (zone clearance 0.3000 mm; actual 0.0000 mm)
    Local override; error
    @(123.2000 mm, 127.0000 mm): Via [MPD_RAW2] on F.Cu - B.Cu
    @(117.0000 mm, 81.0000 mm): Zone '+5V_region' [+5V] on In2.Cu, priority 0
[hole_clearance]: Hole clearance violation (board setup constraints hole clearance 0.2500 mm; actual 0.0000 mm)
    Rule: board setup constraints hole; error
    @(123.2000 mm, 127.0000 mm): Via [MPD_RAW2] on F.Cu - B.Cu
    @(117.0000 mm, 81.0000 mm): Zone '+5V_region' [+5V] on In2.Cu, priority 0
[clearance]: Clearance violation (zone clearance 0.3000 mm; actual 0.0000 mm)
    Local override; error
    @(164.5000 mm, 116.1000 mm): Via [MPD_RAW2] on F.Cu - B.Cu
    @(31.4750 mm, 80.3750 mm): Zone 'GND_plane' [GND] on In1.Cu, priority 0
[hole_clearance]: Hole clearance violation (board setup constraints hole clearance 0.2500 mm; actual 0.0000 mm)
    Rule: board setup constraints hole; error
    @(164.5000 mm, 116.1000 mm): Via [MPD_RAW2] on F.Cu - B.Cu
    @(31.4750 mm, 80.3750 mm): Zone 'GND_plane' [GND] on In1.Cu, priority 0
[clearance]: Clearance violation (zone clearance 0.3000 mm; actual 0.0000 mm)
    Local override; error
    @(164.5000 mm, 116.1000 mm): Via [MPD_RAW2] on F.Cu - B.Cu
    @(117.0000 mm, 81.0000 mm): Zone '+5V_region' [+5V] on In2.Cu, priority 0
[hole_clearance]: Hole clearance violation (board setup constraints hole clearance 0.2500 mm; actual 0.0000 mm)
    Rule: board setup constraints hole; error
    @(164.5000 mm, 116.1000 mm): Via [MPD_RAW2] on F.Cu - B.Cu
    @(117.0000 mm, 81.0000 mm): Zone '+5V_region' [+5V] on In2.Cu, priority 0
[clearance]: Clearance violation (zone clearance 0.3000 mm; actual 0.0000 mm)
    Local override; error
    @(123.5000 mm, 123.6000 mm): Via [MPD_RAW3] on F.Cu - B.Cu
    @(31.4750 mm, 80.3750 mm): Zone 'GND_plane' [GND] on In1.Cu, priority 0
[hole_clearance]: Hole clearance violation (board setup constraints hole clearance 0.2500 mm; actual 0.0000 mm)
    Rule: board setup constraints hole; error
    @(123.5000 mm, 123.6000 mm): Via [MPD_RAW3] on F.Cu - B.Cu
    @(31.4750 mm, 80.3750 mm): Zone 'GND_plane' [GND] on In1.Cu, priority 0
[clearance]: Clearance violation (zone clearance 0.3000 mm; actual 0.0000 mm)
    Local override; error
    @(123.5000 mm, 123.6000 mm): Via [MPD_RAW3] on F.Cu - B.Cu
    @(117.0000 mm, 81.0000 mm): Zone '+5V_region' [+5V] on In2.Cu, priority 0
[hole_clearance]: Hole clearance violation (board setup constraints hole clearance 0.2500 mm; actual 0.0000 mm)
    Rule: board setup constraints hole; error
    @(123.5000 mm, 123.6000 mm): Via [MPD_RAW3] on F.Cu - B.Cu
    @(117.0000 mm, 81.0000 mm): Zone '+5V_region' [+5V] on In2.Cu, priority 0
[clearance]: Clearance violation (zone clearance 0.3000 mm; actual 0.0000 mm)
    Local override; error
    @(179.0000 mm, 121.0000 mm): Track [PWM3] on In1.Cu, length 9.0250 mm
    @(31.4750 mm, 80.3750 mm): Zone 'GND_plane' [GND] on In1.Cu, priority 0
[clearance]: Clearance violation (zone clearance 0.3000 mm; actual 0.0000 mm)
    Local override; error
    @(179.0000 mm, 130.0250 mm): Track [PWM3] on In1.Cu, length 6.0250 mm
    @(31.4750 mm, 80.3750 mm): Zone 'GND_plane' [GND] on In1.Cu, priority 0
[clearance]: Clearance violation (zone clearance 0.3000 mm; actual 0.0000 mm)
    Local override; error
    @(158.0000 mm, 112.0000 mm): Track [PWM3] on In1.Cu, length 9.0000 mm
    @(31.4750 mm, 80.3750 mm): Zone 'GND_plane' [GND] on In1.Cu, priority 0
[clearance]: Clearance violation (zone clearance 0.3000 mm; actual 0.0000 mm)
    Local override; error
    @(131.4250 mm, 123.4750 mm): Track [PWM3] on In1.Cu, length 11.4750 mm
    @(31.4750 mm, 80.3750 mm): Zone 'GND_plane' [GND] on In1.Cu, priority 0
[clearance]: Clearance violation (zone clearance 0.3000 mm; actual 0.0000 mm)
    Local override; error
    @(158.0000 mm, 121.0000 mm): Track [PWM3] on In1.Cu, length 21.0000 mm
    @(31.4750 mm, 80.3750 mm): Zone 'GND_plane' [GND] on In1.Cu, priority 0
[clearance]: Clearance violation (zone clearance 0.3000 mm; actual 0.0000 mm)
    Local override; error
    @(131.4250 mm, 112.0000 mm): Track [PWM3] on In1.Cu, length 26.5750 mm
    @(31.4750 mm, 80.3750 mm): Zone 'GND_plane' [GND] on In1.Cu, priority 0
[clearance]: Clearance violation (zone clearance 0.3000 mm; actual 0.0000 mm)
    Local override; error
    @(151.0350 mm, 100.0000 mm): Via [/TIA_IR/PD_ANODE] on F.Cu - B.Cu
    @(31.4750 mm, 80.3750 mm): Zone 'GND_plane' [GND] on In1.Cu, priority 0
[hole_clearance]: Hole clearance violation (board setup constraints hole clearance 0.2500 mm; actual 0.0000 mm)
    Rule: board setup constraints hole; error
    @(151.0350 mm, 100.0000 mm): Via [/TIA_IR/PD_ANODE] on F.Cu - B.Cu
    @(31.4750 mm, 80.3750 mm): Zone 'GND_plane' [GND] on In1.Cu, priority 0
[clearance]: Clearance violation (zone clearance 0.3000 mm; actual 0.0000 mm)
    Local override; error
    @(130.9434 mm, 113.4751 mm): Track [ISENSE3] on In2.Cu, length 2.8057 mm
    @(117.0000 mm, 81.0000 mm): Zone '+5V_region' [+5V] on In2.Cu, priority 0
[clearance]: Clearance violation (zone clearance 0.3000 mm; actual 0.0000 mm)
    Local override; error
    @(151.0350 mm, 100.0000 mm): Via [/TIA_IR/PD_ANODE] on F.Cu - B.Cu
    @(117.0000 mm, 81.0000 mm): Zone '+5V_region' [+5V] on In2.Cu, priority 0
[hole_clearance]: Hole clearance violation (board setup constraints hole clearance 0.2500 mm; actual 0.0000 mm)
    Rule: board setup constraints hole; error
    @(151.0350 mm, 100.0000 mm): Via [/TIA_IR/PD_ANODE] on F.Cu - B.Cu
    @(117.0000 mm, 81.0000 mm): Zone '+5V_region' [+5V] on In2.Cu, priority 0
[clearance]: Clearance violation (zone clearance 0.3000 mm; actual 0.0000 mm)
    Local override; error
    @(122.0745 mm, 119.9940 mm): Track [ISENSE3] on In2.Cu, length 2.3500 mm
    @(117.0000 mm, 81.0000 mm): Zone '+5V_region' [+5V] on In2.Cu, priority 0
[clearance]: Clearance violation (zone clearance 0.3000 mm; actual 0.0000 mm)
    Local override; error
    @(124.4245 mm, 119.9940 mm): Track [ISENSE3] on In2.Cu, length 9.2191 mm
    @(117.0000 mm, 81.0000 mm): Zone '+5V_region' [+5V] on In2.Cu, priority 0
[clearance]: Clearance violation (zone clearance 0.3000 mm; actual 0.0000 mm)
    Local override; error
    @(114.4500 mm, 112.3695 mm): Track [ISENSE3] on In2.Cu, length 10.7827 mm
    @(117.0000 mm, 81.0000 mm): Zone '+5V_region' [+5V] on In2.Cu, priority 0
[clearance]: Clearance violation (zone clearance 0.3000 mm; actual 0.0000 mm)
    Local override; error
    @(146.1000 mm, 135.4065 mm): Track [ISENSE3] on In1.Cu, length 5.0804 mm
    @(31.4750 mm, 80.3750 mm): Zone 'GND_plane' [GND] on In1.Cu, priority 0
[clearance]: Clearance violation (zone clearance 0.3000 mm; actual 0.0000 mm)
    Local override; error
    @(146.1000 mm, 127.3250 mm): Track [ISENSE3] on In1.Cu, length 8.0815 mm
    @(31.4750 mm, 80.3750 mm): Zone 'GND_plane' [GND] on In1.Cu, priority 0
[clearance]: Clearance violation (zone clearance 0.3000 mm; actual 0.0000 mm)
    Local override; error
    @(150.4685 mm, 138.0000 mm): Via [ISENSE3] on F.Cu - B.Cu
    @(31.4750 mm, 80.3750 mm): Zone 'GND_plane' [GND] on In1.Cu, priority 0
[hole_clearance]: Hole clearance violation (board setup constraints hole clearance 0.2500 mm; actual 0.0000 mm)
    Rule: board setup constraints hole; error
    @(150.4685 mm, 138.0000 mm): Via [ISENSE3] on F.Cu - B.Cu
    @(31.4750 mm, 80.3750 mm): Zone 'GND_plane' [GND] on In1.Cu, priority 0
[clearance]: Clearance violation (zone clearance 0.3000 mm; actual 0.0000 mm)
    Local override; error
    @(150.4685 mm, 138.0000 mm): Via [ISENSE3] on F.Cu - B.Cu
    @(117.0000 mm, 81.0000 mm): Zone '+5V_region' [+5V] on In2.Cu, priority 0
[hole_clearance]: Hole clearance violation (board setup constraints hole clearance 0.2500 mm; actual 0.0000 mm)
    Rule: board setup constraints hole; error
    @(150.4685 mm, 138.0000 mm): Via [ISENSE3] on F.Cu - B.Cu
    @(117.0000 mm, 81.0000 mm): Zone '+5V_region' [+5V] on In2.Cu, priority 0
[clearance]: Clearance violation (zone clearance 0.3000 mm; actual 0.0000 mm)
    Local override; error
    @(141.5000 mm, 108.5000 mm): Track [/TIA_RED/PD_CATHODE] on In1.Cu, length 14.5000 mm
    @(31.4750 mm, 80.3750 mm): Zone 'GND_plane' [GND] on In1.Cu, priority 0
[clearance]: Clearance violation (zone clearance 0.3000 mm; actual 0.0000 mm)
    Local override; error
    @(141.5000 mm, 100.4000 mm): Track [/TIA_RED/PD_CATHODE] on In1.Cu, length 8.1000 mm
    @(31.4750 mm, 80.3750 mm): Zone 'GND_plane' [GND] on In1.Cu, priority 0
[clearance]: Clearance violation (zone clearance 0.3000 mm; actual 0.0000 mm)
    Local override; error
    @(127.0000 mm, 106.0000 mm): Via [/TIA_RED/PD_CATHODE] on F.Cu - B.Cu
    @(31.4750 mm, 80.3750 mm): Zone 'GND_plane' [GND] on In1.Cu, priority 0
[hole_clearance]: Hole clearance violation (board setup constraints hole clearance 0.2500 mm; actual 0.0000 mm)
    Rule: board setup constraints hole; error
    @(127.0000 mm, 106.0000 mm): Via [/TIA_RED/PD_CATHODE] on F.Cu - B.Cu
    @(31.4750 mm, 80.3750 mm): Zone 'GND_plane' [GND] on In1.Cu, priority 0
[clearance]: Clearance violation (zone clearance 0.3000 mm; actual 0.0000 mm)
    Local override; error
    @(127.0000 mm, 106.0000 mm): Via [/TIA_RED/PD_CATHODE] on F.Cu - B.Cu
    @(117.0000 mm, 81.0000 mm): Zone '+5V_region' [+5V] on In2.Cu, priority 0
[hole_clearance]: Hole clearance violation (board setup constraints hole clearance 0.2500 mm; actual 0.0000 mm)
    Rule: board setup constraints hole; error
    @(127.0000 mm, 106.0000 mm): Via [/TIA_RED/PD_CATHODE] on F.Cu - B.Cu
    @(117.0000 mm, 81.0000 mm): Zone '+5V_region' [+5V] on In2.Cu, priority 0
[clearance]: Clearance violation (zone clearance 0.3000 mm; actual 0.0000 mm)
    Local override; error
    @(119.8000 mm, 123.3000 mm): Via [MPD_RAW1] on F.Cu - B.Cu
    @(31.4750 mm, 80.3750 mm): Zone 'GND_plane' [GND] on In1.Cu, priority 0
[hole_clearance]: Hole clearance violation (board setup constraints hole clearance 0.2500 mm; actual 0.0000 mm)
    Rule: board setup constraints hole; error
    @(119.8000 mm, 123.3000 mm): Via [MPD_RAW1] on F.Cu - B.Cu
    @(31.4750 mm, 80.3750 mm): Zone 'GND_plane' [GND] on In1.Cu, priority 0
[clearance]: Clearance violation (zone clearance 0.3000 mm; actual 0.0000 mm)
    Local override; error
    @(119.8000 mm, 123.3000 mm): Via [MPD_RAW1] on F.Cu - B.Cu
    @(117.0000 mm, 81.0000 mm): Zone '+5V_region' [+5V] on In2.Cu, priority 0
[hole_clearance]: Hole clearance violation (board setup constraints hole clearance 0.2500 mm; actual 0.0000 mm)
    Rule: board setup constraints hole; error
    @(119.8000 mm, 123.3000 mm): Via [MPD_RAW1] on F.Cu - B.Cu
    @(117.0000 mm, 81.0000 mm): Zone '+5V_region' [+5V] on In2.Cu, priority 0
[clearance]: Clearance violation (zone clearance 0.3000 mm; actual 0.0000 mm)
    Local override; error
    @(151.0350 mm, 115.2000 mm): Via [/TIA_GREEN/PD_ANODE] on F.Cu - B.Cu
    @(31.4750 mm, 80.3750 mm): Zone 'GND_plane' [GND] on In1.Cu, priority 0
[hole_clearance]: Hole clearance violation (board setup constraints hole clearance 0.2500 mm; actual 0.0000 mm)
    Rule: board setup constraints hole; error
    @(151.0350 mm, 115.2000 mm): Via [/TIA_GREEN/PD_ANODE] on F.Cu - B.Cu
    @(31.4750 mm, 80.3750 mm): Zone 'GND_plane' [GND] on In1.Cu, priority 0
[clearance]: Clearance violation (zone clearance 0.3000 mm; actual 0.0000 mm)
    Local override; error
    @(151.0350 mm, 115.2000 mm): Via [/TIA_GREEN/PD_ANODE] on F.Cu - B.Cu
    @(117.0000 mm, 81.0000 mm): Zone '+5V_region' [+5V] on In2.Cu, priority 0
[hole_clearance]: Hole clearance violation (board setup constraints hole clearance 0.2500 mm; actual 0.0000 mm)
    Rule: board setup constraints hole; error
    @(151.0350 mm, 115.2000 mm): Via [/TIA_GREEN/PD_ANODE] on F.Cu - B.Cu
    @(117.0000 mm, 81.0000 mm): Zone '+5V_region' [+5V] on In2.Cu, priority 0
[clearance]: Clearance violation (zone clearance 0.3000 mm; actual 0.0000 mm)
    Local override; error
    @(151.0000 mm, 117.0000 mm): Track [ISENSE2] on In2.Cu, length 11.0000 mm
    @(117.0000 mm, 81.0000 mm): Zone '+5V_region' [+5V] on In2.Cu, priority 0
[clearance]: Clearance violation (zone clearance 0.3000 mm; actual 0.0000 mm)
    Local override; error
    @(162.0000 mm, 117.0000 mm): Track [ISENSE2] on In2.Cu, length 2.4500 mm
    @(117.0000 mm, 81.0000 mm): Zone '+5V_region' [+5V] on In2.Cu, priority 0
[clearance]: Clearance violation (zone clearance 0.3000 mm; actual 0.0000 mm)
    Local override; error
    @(151.0000 mm, 137.0000 mm): Track [ISENSE2] on In2.Cu, length 20.0000 mm
    @(117.0000 mm, 81.0000 mm): Zone '+5V_region' [+5V] on In2.Cu, priority 0
[clearance]: Clearance violation (zone clearance 0.3000 mm; actual 0.0000 mm)
    Local override; error
    @(103.0000 mm, 137.0000 mm): Track [ISENSE2] on In2.Cu, length 48.0000 mm
    @(117.0000 mm, 81.0000 mm): Zone '+5V_region' [+5V] on In2.Cu, priority 0
[clearance]: Clearance violation (zone clearance 0.3000 mm; actual 0.0000 mm)
    Local override; error
    @(103.0000 mm, 120.5440 mm): Via [ISENSE2] on F.Cu - B.Cu
    @(31.4750 mm, 80.3750 mm): Zone 'GND_plane' [GND] on In1.Cu, priority 0
[hole_clearance]: Hole clearance violation (board setup constraints hole clearance 0.2500 mm; actual 0.0000 mm)
    Rule: board setup constraints hole; error
    @(103.0000 mm, 120.5440 mm): Via [ISENSE2] on F.Cu - B.Cu
    @(31.4750 mm, 80.3750 mm): Zone 'GND_plane' [GND] on In1.Cu, priority 0
[clearance]: Clearance violation (zone clearance 0.3000 mm; actual 0.0000 mm)
    Local override; error
    @(135.0350 mm, 100.0000 mm): Via [/TIA_RED/PD_ANODE] on F.Cu - B.Cu
    @(31.4750 mm, 80.3750 mm): Zone 'GND_plane' [GND] on In1.Cu, priority 0
[hole_clearance]: Hole clearance violation (board setup constraints hole clearance 0.2500 mm; actual 0.0000 mm)
    Rule: board setup constraints hole; error
    @(135.0350 mm, 100.0000 mm): Via [/TIA_RED/PD_ANODE] on F.Cu - B.Cu
    @(31.4750 mm, 80.3750 mm): Zone 'GND_plane' [GND] on In1.Cu, priority 0
[clearance]: Clearance violation (zone clearance 0.3000 mm; actual 0.0000 mm)
    Local override; error
    @(135.0350 mm, 100.0000 mm): Via [/TIA_RED/PD_ANODE] on F.Cu - B.Cu
    @(117.0000 mm, 81.0000 mm): Zone '+5V_region' [+5V] on In2.Cu, priority 0
[hole_clearance]: Hole clearance violation (board setup constraints hole clearance 0.2500 mm; actual 0.0000 mm)
    Rule: board setup constraints hole; error
    @(135.0350 mm, 100.0000 mm): Via [/TIA_RED/PD_ANODE] on F.Cu - B.Cu
    @(117.0000 mm, 81.0000 mm): Zone '+5V_region' [+5V] on In2.Cu, priority 0
[clearance]: Clearance violation (zone clearance 0.3000 mm; actual 0.0000 mm)
    Local override; error
    @(109.5000 mm, 97.0000 mm): Track [PWM2] on In2.Cu, length 54.5000 mm
    @(117.0000 mm, 81.0000 mm): Zone '+5V_region' [+5V] on In2.Cu, priority 0
[clearance]: Clearance violation (zone clearance 0.3000 mm; actual 0.0000 mm)
    Local override; error
    @(173.0500 mm, 97.0000 mm): Track [PWM2] on In1.Cu, length 8.8500 mm
    @(31.4750 mm, 80.3750 mm): Zone 'GND_plane' [GND] on In1.Cu, priority 0
[clearance]: Clearance violation (zone clearance 0.3000 mm; actual 0.0000 mm)
    Local override; error
    @(164.0000 mm, 97.0000 mm): Track [PWM2] on In1.Cu, length 9.0500 mm
    @(31.4750 mm, 80.3750 mm): Zone 'GND_plane' [GND] on In1.Cu, priority 0
[clearance]: Clearance violation (zone clearance 0.3000 mm; actual 0.0000 mm)
    Local override; error
    @(164.0000 mm, 97.0000 mm): Via [PWM2] on F.Cu - B.Cu
    @(31.4750 mm, 80.3750 mm): Zone 'GND_plane' [GND] on In1.Cu, priority 0
[hole_clearance]: Hole clearance violation (board setup constraints hole clearance 0.2500 mm; actual 0.0000 mm)
    Rule: board setup constraints hole; error
    @(164.0000 mm, 97.0000 mm): Via [PWM2] on F.Cu - B.Cu
    @(31.4750 mm, 80.3750 mm): Zone 'GND_plane' [GND] on In1.Cu, priority 0
[clearance]: Clearance violation (zone clearance 0.3000 mm; actual 0.0000 mm)
    Local override; error
    @(164.0000 mm, 97.0000 mm): Via [PWM2] on F.Cu - B.Cu
    @(117.0000 mm, 81.0000 mm): Zone '+5V_region' [+5V] on In2.Cu, priority 0
[hole_clearance]: Hole clearance violation (board setup constraints hole clearance 0.2500 mm; actual 0.0000 mm)
    Rule: board setup constraints hole; error
    @(164.0000 mm, 97.0000 mm): Via [PWM2] on F.Cu - B.Cu
    @(117.0000 mm, 81.0000 mm): Zone '+5V_region' [+5V] on In2.Cu, priority 0
[clearance]: Clearance violation (zone clearance 0.3000 mm; actual 0.0000 mm)
    Local override; error
    @(173.0500 mm, 105.8500 mm): Via [PWM2] on F.Cu - B.Cu
    @(31.4750 mm, 80.3750 mm): Zone 'GND_plane' [GND] on In1.Cu, priority 0
[hole_clearance]: Hole clearance violation (board setup constraints hole clearance 0.2500 mm; actual 0.0000 mm)
    Rule: board setup constraints hole; error
    @(173.0500 mm, 105.8500 mm): Via [PWM2] on F.Cu - B.Cu
    @(31.4750 mm, 80.3750 mm): Zone 'GND_plane' [GND] on In1.Cu, priority 0
[clearance]: Clearance violation (zone clearance 0.3000 mm; actual 0.0000 mm)
    Local override; error
    @(173.0500 mm, 105.8500 mm): Via [PWM2] on F.Cu - B.Cu
    @(117.0000 mm, 81.0000 mm): Zone '+5V_region' [+5V] on In2.Cu, priority 0
[hole_clearance]: Hole clearance violation (board setup constraints hole clearance 0.2500 mm; actual 0.0000 mm)
    Rule: board setup constraints hole; error
    @(173.0500 mm, 105.8500 mm): Via [PWM2] on F.Cu - B.Cu
    @(117.0000 mm, 81.0000 mm): Zone '+5V_region' [+5V] on In2.Cu, priority 0
[clearance]: Clearance violation (zone clearance 0.3000 mm; actual 0.0000 mm)
    Local override; error
    @(139.8000 mm, 98.9125 mm): Track [+5V] on In1.Cu, length 3.5125 mm
    @(31.4750 mm, 80.3750 mm): Zone 'GND_plane' [GND] on In1.Cu, priority 0
[clearance]: Clearance violation (zone clearance 0.3000 mm; actual 0.0000 mm)
    Local override; error
    @(139.8000 mm, 102.4250 mm): Track [+5V] on In1.Cu, length 9.8000 mm
    @(31.4750 mm, 80.3750 mm): Zone 'GND_plane' [GND] on In1.Cu, priority 0
[clearance]: Clearance violation (zone clearance 0.3000 mm; actual 0.0000 mm)
    Local override; error
    @(135.0350 mm, 115.2000 mm): Via [/TIA_BLUE/PD_ANODE] on F.Cu - B.Cu
    @(31.4750 mm, 80.3750 mm): Zone 'GND_plane' [GND] on In1.Cu, priority 0
[hole_clearance]: Hole clearance violation (board setup constraints hole clearance 0.2500 mm; actual 0.0000 mm)
    Rule: board setup constraints hole; error
    @(135.0350 mm, 115.2000 mm): Via [/TIA_BLUE/PD_ANODE] on F.Cu - B.Cu
    @(31.4750 mm, 80.3750 mm): Zone 'GND_plane' [GND] on In1.Cu, priority 0
[clearance]: Clearance violation (zone clearance 0.3000 mm; actual 0.0000 mm)
    Local override; error
    @(135.0350 mm, 115.2000 mm): Via [/TIA_BLUE/PD_ANODE] on F.Cu - B.Cu
    @(117.0000 mm, 81.0000 mm): Zone '+5V_region' [+5V] on In2.Cu, priority 0
[hole_clearance]: Hole clearance violation (board setup constraints hole clearance 0.2500 mm; actual 0.0000 mm)
    Rule: board setup constraints hole; error
    @(135.0350 mm, 115.2000 mm): Via [/TIA_BLUE/PD_ANODE] on F.Cu - B.Cu
    @(117.0000 mm, 81.0000 mm): Zone '+5V_region' [+5V] on In2.Cu, priority 0
[clearance]: Clearance violation (zone clearance 0.3000 mm; actual 0.0000 mm)
    Local override; error
    @(139.8000 mm, 98.9125 mm): Via [+5V] on F.Cu - B.Cu
    @(31.4750 mm, 80.3750 mm): Zone 'GND_plane' [GND] on In1.Cu, priority 0
[hole_clearance]: Hole clearance violation (board setup constraints hole clearance 0.2500 mm; actual 0.0000 mm)
    Rule: board setup constraints hole; error
    @(139.8000 mm, 98.9125 mm): Via [+5V] on F.Cu - B.Cu
    @(31.4750 mm, 80.3750 mm): Zone 'GND_plane' [GND] on In1.Cu, priority 0
[clearance]: Clearance violation (zone clearance 0.3000 mm; actual 0.0000 mm)
    Local override; error
    @(127.0000 mm, 108.5000 mm): Track [/TIA_RED/PD_CATHODE] on In1.Cu, length 2.5000 mm
    @(31.4750 mm, 80.3750 mm): Zone 'GND_plane' [GND] on In1.Cu, priority 0

** Found 0 unconnected pads **

** Found 36 Footprint errors **
[footprint_symbol_field_mismatch]: Missing symbol field 'Part Number' in footprint
    Local override; warning
    @(161.9000 mm, 110.4250 mm): Footprint H1
[footprint_symbol_field_mismatch]: Missing symbol field 'Part Number' in footprint
    Local override; warning
    @(55.8500 mm, 110.4250 mm): Footprint H2
[footprint_symbol_field_mismatch]: Field 'Datasheet' differs (PCB: '', Schematic: 'https://www.lcsc.com/product-detail/C318691.html')
    Local override; warning
    @(50.0250 mm, 101.0500 mm): Footprint C41
[footprint_symbol_field_mismatch]: Field 'Datasheet' differs (PCB: '', Schematic: 'https://www.lcsc.com/product-detail/C318691.html')
    Local override; warning
    @(45.6250 mm, 82.5250 mm): Footprint C42
[footprint_symbol_field_mismatch]: Field 'Datasheet' differs (PCB: '', Schematic: 'https://www.lcsc.com/product-detail/C83056.html')
    Local override; warning
    @(60.4542 mm, 82.2208 mm): Footprint C43
[footprint_symbol_field_mismatch]: Field 'Datasheet' differs (PCB: '', Schematic: 'https://www.lcsc.com/product-detail/C7472946.html')
    Local override; warning
    @(62.7200 mm, 128.7250 mm): Footprint C44
[footprint_symbol_field_mismatch]: Field 'Datasheet' differs (PCB: '', Schematic: 'https://www.lcsc.com/product-detail/C7472946.html')
    Local override; warning
    @(58.2400 mm, 91.2300 mm): Footprint C45
[footprint_symbol_field_mismatch]: Field 'Datasheet' differs (PCB: '', Schematic: 'https://www.lcsc.com/product-detail/C7472946.html')
    Local override; warning
    @(66.2500 mm, 128.7500 mm): Footprint C46
[footprint_symbol_field_mismatch]: Field 'Datasheet' differs (PCB: '', Schematic: 'https://www.lcsc.com/product-detail/C318691.html')
    Local override; warning
    @(58.2750 mm, 82.9125 mm): Footprint C47
[footprint_symbol_field_mismatch]: Field 'Datasheet' differs (PCB: '', Schematic: 'https://www.onsemi.com/pub/Collateral/ESD9B-D.PDF')
    Local override; warning
    @(44.7000 mm, 88.0250 mm): Footprint D7
[footprint_symbol_field_mismatch]: Field 'Datasheet' differs (PCB: '', Schematic: 'https://www.onsemi.com/pub/Collateral/ESD9B-D.PDF')
    Local override; warning
    @(42.9750 mm, 88.0250 mm): Footprint D8
[footprint_symbol_field_mismatch]: Field 'Datasheet' differs (PCB: '', Schematic: 'https://www.onsemi.com/pub/Collateral/ESD9B-D.PDF')
    Local override; warning
    @(47.2750 mm, 87.5500 mm): Footprint D9
[footprint_symbol_field_mismatch]: Field 'Datasheet' differs (PCB: '', Schematic: 'https://datasheet.lcsc.com/szlcsc/Diodes-Incorporated-1N5819HW-7-F_C82544.pdf')
    Local override; warning
    @(45.1250 mm, 84.9500 mm): Footprint D10
[footprint_symbol_field_mismatch]: Field 'Datasheet' differs (PCB: '', Schematic: 'https://www.onsemi.com/pub/Collateral/ESD9B-D.PDF')
    Local override; warning
    @(43.3750 mm, 102.3500 mm): Footprint D11
[footprint_symbol_field_mismatch]: Field 'Datasheet' differs (PCB: '', Schematic: 'https://www.onsemi.com/pub/Collateral/ESD9B-D.PDF')
    Local override; warning
    @(45.1750 mm, 102.3500 mm): Footprint D12
[footprint_symbol_field_mismatch]: Field 'Datasheet' differs (PCB: '', Schematic: 'https://datasheet.lcsc.com/szlcsc/Diodes-Incorporated-1N5819HW-7-F_C82544.pdf')
    Local override; warning
    @(46.1820 mm, 98.8650 mm): Footprint D13
[footprint_symbol_field_mismatch]: Field 'Datasheet' differs (PCB: '', Schematic: 'https://www.onsemi.com/pub/Collateral/ESD9B-D.PDF')
    Local override; warning
    @(50.7225 mm, 98.7250 mm): Footprint D14
[footprint_symbol_field_mismatch]: Missing symbol field 'Website' in footprint
    Local override; warning
    @(37.3750 mm, 87.7750 mm): Footprint J1
[footprint_symbol_field_mismatch]: Missing symbol field 'Website' in footprint
    Local override; warning
    @(37.4000 mm, 101.5750 mm): Footprint J2
[footprint_symbol_field_mismatch]: Missing symbol field 'Manufacturer' in footprint
    Local override; warning
    @(116.2600 mm, 127.6300 mm): Footprint J7
[footprint_symbol_field_mismatch]: Field 'Datasheet' differs (PCB: '', Schematic: 'https://www.lcsc.com/product-detail/C191123.html')
    Local override; warning
    @(47.8275 mm, 93.1750 mm): Footprint R50
[footprint_symbol_field_mismatch]: Field 'Datasheet' differs (PCB: '', Schematic: 'https://www.lcsc.com/product-detail/C191123.html')
    Local override; warning
    @(44.9025 mm, 93.1500 mm): Footprint R51
[footprint_symbol_field_mismatch]: Field 'Datasheet' differs (PCB: '', Schematic: 'https://www.lcsc.com/product-detail/C191123.html')
    Local override; warning
    @(77.5525 mm, 128.5000 mm): Footprint R52
[footprint_symbol_field_mismatch]: Field 'Datasheet' differs (PCB: '', Schematic: 'https://www.lcsc.com/product-detail/C191123.html')
    Local override; warning
    @(68.7600 mm, 128.7500 mm): Footprint R53
[footprint_symbol_field_mismatch]: Field 'Datasheet' differs (PCB: '', Schematic: 'https://www.lcsc.com/product-detail/C191123.html')
    Local override; warning
    @(60.2475 mm, 128.7500 mm): Footprint R54
[footprint_symbol_field_mismatch]: Field 'Datasheet' differs (PCB: '', Schematic: 'https://www.lcsc.com/product-detail/C191123.html')
    Local override; warning
    @(59.6150 mm, 91.2300 mm): Footprint R55
[footprint_symbol_field_mismatch]: Field 'Datasheet' differs (PCB: '', Schematic: 'https://datasheet.lcsc.com/szlcsc/Uniroyal-Elec-0603WAF4752T5E_C23061.pdf')
    Local override; warning
    @(58.2100 mm, 93.9500 mm): Footprint R56
[footprint_symbol_field_mismatch]: Field 'Datasheet' differs (PCB: '', Schematic: 'https://www.digikey.com/product-detail/en/panasonic-electronic-components/ERJ-3GEYJ102V/P1.0KGDKR-ND/577615')
    Local override; warning
    @(54.6975 mm, 93.8250 mm): Footprint R57
[footprint_symbol_field_mismatch]: Field 'Datasheet' differs (PCB: '', Schematic: 'https://www.lcsc.com/product-detail/C191123.html')
    Local override; warning
    @(58.3500 mm, 88.6475 mm): Footprint R58
[footprint_symbol_field_mismatch]: Field 'Datasheet' differs (PCB: '', Schematic: 'https://www.lcsc.com/product-detail/C191123.html')
    Local override; warning
    @(74.3475 mm, 101.4500 mm): Footprint R59
[footprint_symbol_field_mismatch]: Field 'Datasheet' differs (PCB: '', Schematic: 'https://www.lcsc.com/product-detail/C191123.html')
    Local override; warning
    @(71.7475 mm, 101.4250 mm): Footprint R60
[footprint_symbol_field_mismatch]: Field 'Datasheet' differs (PCB: '', Schematic: 'https://datasheet.lcsc.com/szlcsc/1811082113_Korean-Hroparts-Elec-K2-1102SP-C4SC-04_C127509.pdf')
    Local override; warning
    @(58.8325 mm, 132.9500 mm): Footprint SW1
[footprint_symbol_field_mismatch]: Field 'Datasheet' differs (PCB: '', Schematic: 'https://datasheet.lcsc.com/szlcsc/1811082113_Korean-Hroparts-Elec-K2-1102SP-C4SC-04_C127509.pdf')
    Local override; warning
    @(70.3325 mm, 132.9500 mm): Footprint SW2
[footprint_symbol_field_mismatch]: Field 'Datasheet' differs (PCB: '', Schematic: 'https://datasheet.lcsc.com/szlcsc/1811082113_Korean-Hroparts-Elec-K2-1102SP-C4SC-04_C127509.pdf')
    Local override; warning
    @(81.5025 mm, 132.9250 mm): Footprint SW3
[footprint_symbol_field_mismatch]: Field 'Datasheet' differs (PCB: '', Schematic: 'https://www.espressif.com/sites/default/files/documentation/esp32-s3-wroom-1_wroom-1u_datasheet_en.pdf')
    Local override; warning
    @(71.8750 mm, 89.9150 mm): Footprint U9
[footprint_symbol_field_mismatch]: Field 'Datasheet' differs (PCB: '', Schematic: 'https://www.silabs.com/documents/public/data-sheets/cp2102n-datasheet.pdf')
    Local override; warning
    @(53.8750 mm, 89.6000 mm): Footprint U10

** Ignored checks **
    - Footprint has no courtyard defined
    - Track endpoint not centered on via
    - Tuning profile track geometries
    - Footprint doesn't match symbol's footprint filters
    - Silkscreen clearance
    - Silkscreen clipped by solder mask
    - Silkscreen clipped by board edge
    - PTH inside courtyard
    - NPTH inside courtyard
    - Footprint component type doesn't match footprint pads
    - Footprint not found in libraries
    - Footprint doesn't match copy in library

** End of Report **
